// Vitest Snapshot v1, https://vitest.dev/guide/snapshot.html

exports[`Theme Breakpoints > should match scss breakpoints variable snapshot 1`] = `
{
  "data": [
    36,
    120,
    115,
    58,
    32,
    48,
    112,
    120,
    59,
    13,
    10,
    36,
    115,
    109,
    58,
    32,
    54,
    48,
    48,
    112,
    120,
    59,
    13,
    10,
    36,
    109,
    100,
    58,
    32,
    57,
    48,
    48,
    112,
    120,
    59,
    13,
    10,
    36,
    108,
    103,
    58,
    32,
    49,
    50,
    48,
    48,
    112,
    120,
    59,
    13,
    10,
    36,
    120,
    108,
    58,
    32,
    49,
    53,
    51,
    54,
    112,
    120,
    59,
    13,
    10,
  ],
  "type": "Buffer",
}
`;
